
> react-kavia@0.1.0 start
> cross-env EDIT_MODE=true webpack serve --config .ve/webpack.config.js --mode development

<i> [webpack-dev-server] Project is running at:
<i> [webpack-dev-server] Loopback: http://localhost:3000/, http://[::1]:3000/
<i> [webpack-dev-server] On Your Network (IPv4): http://172.17.0.2:3000/
<i> [webpack-dev-server] Content not from webpack is served from './public' directory
Injecting EditorRootWrapper import: ../.ve/EditorRootWrapper
asset bundle.js 1.57 MiB [emitted] (name: main)
asset index.html 620 bytes [emitted]
runtime modules 27.5 KiB 14 modules
cacheable modules 1.4 MiB
  modules by path ./node_modules/ 1.24 MiB 31 modules
  modules by path ./src/ 149 KiB
    modules by path ./src/components/*.js 116 KiB 14 modules
    modules by path ./src/*.css 28.8 KiB 4 modules
    modules by path ./src/api/*.js 3.11 KiB 4 modules
    modules by path ./src/*.js 1.82 KiB 2 modules
  modules by path ./.ve/ 15.1 KiB
    modules by path ./.ve/*.js 10.6 KiB 2 modules
    modules by path ./.ve/*.css 2.93 KiB 2 modules
    ./.ve/EditorOverlay.jsx 1.58 KiB [built] [code generated]
webpack 5.99.9 compiled successfully in 1569 ms
assets by status 620 bytes [cached] 1 asset
assets by path *.js 1.58 MiB
  asset bundle.js 1.57 MiB [emitted] (name: main)
  asset main.203c72af667a4fb2ba6e.hot-update.js 7.8 KiB [emitted] [immutable] [hmr] (name: main)
asset main.203c72af667a4fb2ba6e.hot-update.json 28 bytes [emitted] [immutable] [hmr]
Entrypoint main 1.58 MiB = bundle.js 1.57 MiB main.203c72af667a4fb2ba6e.hot-update.js 7.8 KiB
cached modules 1.4 MiB [cached] 59 modules
runtime modules 27.5 KiB 14 modules
./src/components/LearningSplitView.js 5.05 KiB [built] [code generated]
webpack 5.99.9 compiled successfully in 109 ms
assets by status 620 bytes [cached] 1 asset
assets by path *.js 1.58 MiB
  asset bundle.js 1.57 MiB [emitted] (name: main)
  asset main.98ca7584b023c8d21964.hot-update.js 7.97 KiB [emitted] [immutable] [hmr] (name: main)
asset main.98ca7584b023c8d21964.hot-update.json 28 bytes [emitted] [immutable] [hmr]
Entrypoint main 1.58 MiB = bundle.js 1.57 MiB main.98ca7584b023c8d21964.hot-update.js 7.97 KiB
cached modules 1.4 MiB [cached] 59 modules
runtime modules 27.5 KiB 14 modules
./src/components/LearningSplitView.js 5.22 KiB [built] [code generated]
webpack 5.99.9 compiled successfully in 60 ms
